﻿
> vite_react_shadcn_ts@0.0.0 build
> vite build

[36mvite v5.4.19 [32mbuilding for production...[36m[39m
transforming...
npm : Browserslist: browsers 
data (caniuse-lite) is 9 months 
old. Please run:
At line:1 char:1
+ npm run build > 
build_output.txt 2>&1
+ ~~~~~~~~~~~~~~~~~~~~~~~~~~~~~~
~~~~~~~
    + CategoryInfo          : N 
   otSpecified: (Browserslist:  
   b...ld. Please run::String   
 ) [], RemoteException
    + FullyQualifiedErrorId : N 
   ativeCommandError
 
  npx 
update-browserslist-db@latest
  Why you should do it 
regularly: https://github.com/br
owserslist/update-db#readme
[32mΓ£ô[39m 41 modules transformed.
[31mx[39m Build failed in 
1.07s
[31merror during build:
[31m[vite]: Rollup failed to 
resolve import 
"canvas-confetti" from "C:/Users
/erdun/Desktop/FinalYear/fronten
d/src/pages/QuestPage.tsx".
This is most likely unintended 
because it can break your 
application at runtime.
If you do want to externalize 
this module explicitly add it to
`build.rollupOptions.external`[
31m
    at viteWarn (file:///C:/User
s/erdun/Desktop/FinalYear/fronte
nd/node_modules/vite/dist/node/c
hunks/dep-C6uTJdX2.js:65839:17)
    at onwarn (file:///C:/Users/
erdun/Desktop/FinalYear/frontend
/node_modules/@vitejs/plugin-rea
ct-swc/index.js:90:7)
    at onRollupWarning (file:///
C:/Users/erdun/Desktop/FinalYear
/frontend/node_modules/vite/dist
/node/chunks/dep-C6uTJdX2.js:658
69:5)
    at onwarn (file:///C:/Users/
erdun/Desktop/FinalYear/frontend
/node_modules/vite/dist/node/chu
nks/dep-C6uTJdX2.js:65534:7)
    at file:///C:/Users/erdun/De
sktop/FinalYear/frontend/node_mo
dules/rollup/dist/es/shared/node
-entry.js:19393:13
    at Object.logger [as onLog] 
(file:///C:/Users/erdun/Desktop/
FinalYear/frontend/node_modules/
rollup/dist/es/shared/node-entry
.js:21119:9)
    at ModuleLoader.handleInvali
dResolvedId (file:///C:/Users/er
dun/Desktop/FinalYear/frontend/n
ode_modules/rollup/dist/es/share
d/node-entry.js:20008:26)
    at file:///C:/Users/erdun/De
sktop/FinalYear/frontend/node_mo
dules/rollup/dist/es/shared/node
-entry.js:19966:26[39m
